Archive member included to satisfy reference by file (symbol)

../langproc_bsp/\libhal_bsp.a(alt_getchar.o)
                              obj/default/hello_world_small.o (alt_getchar)
../langproc_bsp/\libhal_bsp.a(alt_load.o)
                              ../langproc_bsp//obj/HAL/src/crt0.o (alt_load)
../langproc_bsp/\libhal_bsp.a(alt_main.o)
                              ../langproc_bsp//obj/HAL/src/crt0.o (alt_main)
../langproc_bsp/\libhal_bsp.a(alt_printf.o)
                              obj/default/hello_world_small.o (alt_printf)
../langproc_bsp/\libhal_bsp.a(alt_putchar.o)
                              ../langproc_bsp/\libhal_bsp.a(alt_printf.o) (alt_putchar)
../langproc_bsp/\libhal_bsp.a(alt_sys_init.o)
                              ../langproc_bsp/\libhal_bsp.a(alt_main.o) (alt_irq_init)
../langproc_bsp/\libhal_bsp.a(altera_avalon_jtag_uart_read.o)
                              ../langproc_bsp/\libhal_bsp.a(alt_getchar.o) (altera_avalon_jtag_uart_read)
../langproc_bsp/\libhal_bsp.a(altera_avalon_jtag_uart_write.o)
                              ../langproc_bsp/\libhal_bsp.a(alt_putchar.o) (altera_avalon_jtag_uart_write)
../langproc_bsp/\libhal_bsp.a(altera_up_avalon_accelerometer_spi.o)
                              obj/default/hello_world_small.o (alt_up_accelerometer_spi_open_dev)
../langproc_bsp/\libhal_bsp.a(alt_dcache_flush_all.o)
                              ../langproc_bsp/\libhal_bsp.a(alt_load.o) (alt_dcache_flush_all)
../langproc_bsp/\libhal_bsp.a(alt_dev.o)
                              ../langproc_bsp/\libhal_bsp.a(alt_getchar.o) (alt_fd_list)
../langproc_bsp/\libhal_bsp.a(alt_dev_llist_insert.o)
                              ../langproc_bsp/\libhal_bsp.a(alt_sys_init.o) (alt_dev_llist_insert)
../langproc_bsp/\libhal_bsp.a(alt_errno.o)
                              ../langproc_bsp/\libhal_bsp.a(alt_dev_llist_insert.o) (alt_errno)
../langproc_bsp/\libhal_bsp.a(alt_find_dev.o)
                              ../langproc_bsp/\libhal_bsp.a(altera_up_avalon_accelerometer_spi.o) (alt_find_dev)
../langproc_bsp/\libhal_bsp.a(alt_icache_flush_all.o)
                              ../langproc_bsp/\libhal_bsp.a(alt_load.o) (alt_icache_flush_all)
../langproc_bsp/\libhal_bsp.a(altera_nios2_gen2_irq.o)
                              ../langproc_bsp/\libhal_bsp.a(alt_sys_init.o) (altera_nios2_gen2_irq_init)
d:/intel/quartusprimelite/nios2eds/bin/gnu/h-x86_64-mingw32/bin/../lib/gcc/nios2-elf/5.3.0/../../../../../H-x86_64-mingw32/nios2-elf/lib/mno-hw-mul\libsmallc.a(lib_a-int_errno.o)
                              ../langproc_bsp/\libhal_bsp.a(alt_dev_llist_insert.o) (errno)
d:/intel/quartusprimelite/nios2eds/bin/gnu/h-x86_64-mingw32/bin/../lib/gcc/nios2-elf/5.3.0/../../../../../H-x86_64-mingw32/nios2-elf/lib/mno-hw-mul\libsmallc.a(lib_a-memcmp.o)
                              ../langproc_bsp/\libhal_bsp.a(alt_find_dev.o) (memcmp)
d:/intel/quartusprimelite/nios2eds/bin/gnu/h-x86_64-mingw32/bin/../lib/gcc/nios2-elf/5.3.0/../../../../../H-x86_64-mingw32/nios2-elf/lib/mno-hw-mul\libsmallc.a(lib_a-strlen.o)
                              ../langproc_bsp/\libhal_bsp.a(alt_find_dev.o) (strlen)

Allocating common symbols
Common symbol       size              file

errno               0x4               d:/intel/quartusprimelite/nios2eds/bin/gnu/h-x86_64-mingw32/bin/../lib/gcc/nios2-elf/5.3.0/../../../../../H-x86_64-mingw32/nios2-elf/lib/mno-hw-mul\libsmallc.a(lib_a-int_errno.o)

Memory Configuration

Name             Origin             Length             Attributes
reset            0x0000000000010000 0x0000000000000020
onchip_memory    0x0000000000010020 0x000000000000ffe0
*default*        0x0000000000000000 0xffffffffffffffff

Linker script and memory map

LOAD ../langproc_bsp//obj/HAL/src/crt0.o
LOAD obj/default/hello_world_small.o
LOAD d:/intel/quartusprimelite/nios2eds/bin/gnu/h-x86_64-mingw32/bin/../lib/gcc/nios2-elf/5.3.0/../../../../../H-x86_64-mingw32/nios2-elf/lib/mno-hw-mul\libstdc++.a
LOAD d:/intel/quartusprimelite/nios2eds/bin/gnu/h-x86_64-mingw32/bin/../lib/gcc/nios2-elf/5.3.0/../../../../../H-x86_64-mingw32/nios2-elf/lib/mno-hw-mul\libm.a
LOAD d:/intel/quartusprimelite/nios2eds/bin/gnu/h-x86_64-mingw32/bin/../lib/gcc/nios2-elf/5.3.0/mno-hw-mul\libgcc.a
START GROUP
LOAD d:/intel/quartusprimelite/nios2eds/bin/gnu/h-x86_64-mingw32/bin/../lib/gcc/nios2-elf/5.3.0/../../../../../H-x86_64-mingw32/nios2-elf/lib/mno-hw-mul\libsmallc.a
LOAD d:/intel/quartusprimelite/nios2eds/bin/gnu/h-x86_64-mingw32/bin/../lib/gcc/nios2-elf/5.3.0/mno-hw-mul\libgcc.a
LOAD ../langproc_bsp/\libhal_bsp.a
LOAD d:/intel/quartusprimelite/nios2eds/bin/gnu/h-x86_64-mingw32/bin/../lib/gcc/nios2-elf/5.3.0/../../../../../H-x86_64-mingw32/nios2-elf/lib/mno-hw-mul\libm.a
END GROUP
LOAD d:/intel/quartusprimelite/nios2eds/bin/gnu/h-x86_64-mingw32/bin/../lib/gcc/nios2-elf/5.3.0/mno-hw-mul\libgcc.a
                0x0000000000010000                __alt_mem_onchip_memory = 0x10000

.entry          0x0000000000010000       0x20
 *(.entry)
 .entry         0x0000000000010000       0x20 ../langproc_bsp//obj/HAL/src/crt0.o
                0x0000000000010000                __reset
                0x000000000001000c                _exit

.exceptions     0x0000000000010020        0x0
                0x0000000000010020                PROVIDE (__ram_exceptions_start, ABSOLUTE (.))
                0x0000000000010020                . = ALIGN (0x20)
 *(.irq)
 *(.exceptions.entry.label)
 *(.exceptions.entry.user)
 *(.exceptions.entry.ecc_fatal)
 *(.exceptions.entry)
 *(.exceptions.irqtest.user)
 *(.exceptions.irqtest)
 *(.exceptions.irqhandler.user)
 *(.exceptions.irqhandler)
 *(.exceptions.irqreturn.user)
 *(.exceptions.irqreturn)
 *(.exceptions.notirq.label)
 *(.exceptions.notirq.user)
 *(.exceptions.notirq)
 *(.exceptions.soft.user)
 *(.exceptions.soft)
 *(.exceptions.unknown.user)
 *(.exceptions.unknown)
 *(.exceptions.exit.label)
 *(.exceptions.exit.user)
 *(.exceptions.exit)
 *(.exceptions)
                0x0000000000010020                PROVIDE (__ram_exceptions_end, ABSOLUTE (.))
                0x0000000000010020                PROVIDE (__flash_exceptions_start, LOADADDR (.exceptions))

.text           0x0000000000010020      0x9ac
                [!provide]                        PROVIDE (stext, ABSOLUTE (.))
 *(.interp)
 *(.hash)
 *(.dynsym)
 *(.dynstr)
 *(.gnu.version)
 *(.gnu.version_d)
 *(.gnu.version_r)
 *(.rel.init)
 *(.rela.init)
 *(.rel.text .rel.text.* .rel.gnu.linkonce.t.*)
 *(.rela.text .rela.text.* .rela.gnu.linkonce.t.*)
 *(.rel.fini)
 *(.rela.fini)
 *(.rel.rodata .rel.rodata.* .rel.gnu.linkonce.r.*)
 *(.rela.rodata .rela.rodata.* .rela.gnu.linkonce.r.*)
 *(.rel.data .rel.data.* .rel.gnu.linkonce.d.*)
 *(.rela.data .rela.data.* .rela.gnu.linkonce.d.*)
 *(.rel.tdata .rel.tdata.* .rel.gnu.linkonce.td.*)
 *(.rela.tdata .rela.tdata.* .rela.gnu.linkonce.td.*)
 *(.rel.tbss .rel.tbss.* .rel.gnu.linkonce.tb.*)
 *(.rela.tbss .rela.tbss.* .rela.gnu.linkonce.tb.*)
 *(.rel.ctors)
 *(.rela.ctors)
 *(.rel.dtors)
 *(.rela.dtors)
 *(.rel.got)
 *(.rela.got)
 *(.rel.sdata .rel.sdata.* .rel.gnu.linkonce.s.*)
 *(.rela.sdata .rela.sdata.* .rela.gnu.linkonce.s.*)
 *(.rel.sbss .rel.sbss.* .rel.gnu.linkonce.sb.*)
 *(.rela.sbss .rela.sbss.* .rela.gnu.linkonce.sb.*)
 *(.rel.sdata2 .rel.sdata2.* .rel.gnu.linkonce.s2.*)
 *(.rela.sdata2 .rela.sdata2.* .rela.gnu.linkonce.s2.*)
 *(.rel.sbss2 .rel.sbss2.* .rel.gnu.linkonce.sb2.*)
 *(.rela.sbss2 .rela.sbss2.* .rela.gnu.linkonce.sb2.*)
 *(.rel.bss .rel.bss.* .rel.gnu.linkonce.b.*)
 *(.rela.bss .rela.bss.* .rela.gnu.linkonce.b.*)
 *(.rel.plt)
 *(.rela.plt)
 *(.rel.dyn)
 *(.init)
 *(.plt)
 *(.text .stub .text.* .gnu.linkonce.t.*)
 .text          0x0000000000010020       0x3c ../langproc_bsp//obj/HAL/src/crt0.o
                0x0000000000010020                _start
 .text          0x000000000001005c      0x300 obj/default/hello_world_small.o
                0x000000000001005c                get_input
                0x0000000000010110                read_chars
 .text.startup  0x000000000001035c        0x4 obj/default/hello_world_small.o
                0x000000000001035c                main
 .text          0x0000000000010360       0x44 ../langproc_bsp/\libhal_bsp.a(alt_getchar.o)
                0x0000000000010360                alt_getchar
 .text          0x00000000000103a4       0xe0 ../langproc_bsp/\libhal_bsp.a(alt_load.o)
                0x00000000000103a4                alt_load
 .text          0x0000000000010484       0x2c ../langproc_bsp/\libhal_bsp.a(alt_main.o)
                0x0000000000010484                alt_main
 .text          0x00000000000104b0      0x170 ../langproc_bsp/\libhal_bsp.a(alt_printf.o)
                0x00000000000104b0                alt_printf
 .text          0x0000000000010620       0x48 ../langproc_bsp/\libhal_bsp.a(alt_putchar.o)
                0x0000000000010620                alt_putchar
 .text          0x0000000000010668       0x30 ../langproc_bsp/\libhal_bsp.a(alt_sys_init.o)
                0x0000000000010668                alt_irq_init
                0x0000000000010688                alt_sys_init
 .text          0x0000000000010698       0x5c ../langproc_bsp/\libhal_bsp.a(altera_avalon_jtag_uart_read.o)
                0x0000000000010698                altera_avalon_jtag_uart_read
 .text          0x00000000000106f4       0x34 ../langproc_bsp/\libhal_bsp.a(altera_avalon_jtag_uart_write.o)
                0x00000000000106f4                altera_avalon_jtag_uart_write
 .text          0x0000000000010728      0x160 ../langproc_bsp/\libhal_bsp.a(altera_up_avalon_accelerometer_spi.o)
                0x0000000000010728                alt_up_accelerometer_spi_open_dev
                0x0000000000010730                alt_up_accelerometer_spi_read_address_register
                0x0000000000010744                alt_up_accelerometer_spi_read
                0x0000000000010764                alt_up_accelerometer_spi_write
                0x0000000000010780                alt_up_accelerometer_spi_read_x_axis
                0x00000000000107d8                alt_up_accelerometer_spi_read_y_axis
                0x0000000000010830                alt_up_accelerometer_spi_read_z_axis
 .text          0x0000000000010888        0x4 ../langproc_bsp/\libhal_bsp.a(alt_dcache_flush_all.o)
                0x0000000000010888                alt_dcache_flush_all
 .text          0x000000000001088c        0x8 ../langproc_bsp/\libhal_bsp.a(alt_dev.o)
 .text          0x0000000000010894       0x6c ../langproc_bsp/\libhal_bsp.a(alt_dev_llist_insert.o)
                0x0000000000010894                alt_dev_llist_insert
 .text          0x0000000000010900        0x0 ../langproc_bsp/\libhal_bsp.a(alt_errno.o)
 .text          0x0000000000010900       0x74 ../langproc_bsp/\libhal_bsp.a(alt_find_dev.o)
                0x0000000000010900                alt_find_dev
 .text          0x0000000000010974        0x4 ../langproc_bsp/\libhal_bsp.a(alt_icache_flush_all.o)
                0x0000000000010974                alt_icache_flush_all
 .text          0x0000000000010978        0x8 ../langproc_bsp/\libhal_bsp.a(altera_nios2_gen2_irq.o)
                0x0000000000010978                altera_nios2_gen2_irq_init
 .text          0x0000000000010980        0x0 d:/intel/quartusprimelite/nios2eds/bin/gnu/h-x86_64-mingw32/bin/../lib/gcc/nios2-elf/5.3.0/../../../../../H-x86_64-mingw32/nios2-elf/lib/mno-hw-mul\libsmallc.a(lib_a-int_errno.o)
 .text          0x0000000000010980        0x0 d:/intel/quartusprimelite/nios2eds/bin/gnu/h-x86_64-mingw32/bin/../lib/gcc/nios2-elf/5.3.0/../../../../../H-x86_64-mingw32/nios2-elf/lib/mno-hw-mul\libsmallc.a(lib_a-memcmp.o)
 .text.memcmp   0x0000000000010980       0x30 d:/intel/quartusprimelite/nios2eds/bin/gnu/h-x86_64-mingw32/bin/../lib/gcc/nios2-elf/5.3.0/../../../../../H-x86_64-mingw32/nios2-elf/lib/mno-hw-mul\libsmallc.a(lib_a-memcmp.o)
                0x0000000000010980                memcmp
 .text          0x00000000000109b0        0x0 d:/intel/quartusprimelite/nios2eds/bin/gnu/h-x86_64-mingw32/bin/../lib/gcc/nios2-elf/5.3.0/../../../../../H-x86_64-mingw32/nios2-elf/lib/mno-hw-mul\libsmallc.a(lib_a-strlen.o)
 .text.strlen   0x00000000000109b0       0x1c d:/intel/quartusprimelite/nios2eds/bin/gnu/h-x86_64-mingw32/bin/../lib/gcc/nios2-elf/5.3.0/../../../../../H-x86_64-mingw32/nios2-elf/lib/mno-hw-mul\libsmallc.a(lib_a-strlen.o)
                0x00000000000109b0                strlen
 *(.gnu.warning.*)
 *(.fini)
                [!provide]                        PROVIDE (__etext, ABSOLUTE (.))
                [!provide]                        PROVIDE (_etext, ABSOLUTE (.))
                [!provide]                        PROVIDE (etext, ABSOLUTE (.))
 *(.eh_frame_hdr)
                0x00000000000109cc                . = ALIGN (0x4)
                [!provide]                        PROVIDE (__preinit_array_start, ABSOLUTE (.))
 *(.preinit_array)
                [!provide]                        PROVIDE (__preinit_array_end, ABSOLUTE (.))
                [!provide]                        PROVIDE (__init_array_start, ABSOLUTE (.))
 *(.init_array)
                [!provide]                        PROVIDE (__init_array_end, ABSOLUTE (.))
                [!provide]                        PROVIDE (__fini_array_start, ABSOLUTE (.))
 *(.fini_array)
                [!provide]                        PROVIDE (__fini_array_end, ABSOLUTE (.))
 *(.eh_frame)
 *(.gcc_except_table .gcc_except_table.*)
 *(.dynamic)
                [!provide]                        PROVIDE (__CTOR_LIST__, ABSOLUTE (.))
 *(.ctors)
 *(SORT(.ctors.*))
                [!provide]                        PROVIDE (__CTOR_END__, ABSOLUTE (.))
                [!provide]                        PROVIDE (__DTOR_LIST__, ABSOLUTE (.))
 *(.dtors)
 *(SORT(.dtors.*))
                [!provide]                        PROVIDE (__DTOR_END__, ABSOLUTE (.))
 *(.jcr)
                0x00000000000109cc                . = ALIGN (0x4)

.rodata         0x00000000000109cc      0x248
                0x00000000000109cc                PROVIDE (__ram_rodata_start, ABSOLUTE (.))
                0x00000000000109cc                . = ALIGN (0x4)
 *(.rodata .rodata.* .gnu.linkonce.r.*)
 .rodata.str1.4
                0x00000000000109cc       0x55 obj/default/hello_world_small.o
 *fill*         0x0000000000010a21        0x3 
 .rodata        0x0000000000010a24      0x1e4 obj/default/hello_world_small.o
                0x0000000000010a88                SegmentCharacters
 .rodata.str1.4
                0x0000000000010c08       0x17 ../langproc_bsp/\libhal_bsp.a(alt_sys_init.o)
 .rodata.str1.4
                0x0000000000010c08        0xc ../langproc_bsp/\libhal_bsp.a(alt_dev.o)
                                          0xa (size before relaxing)
 *(.rodata1)
                0x0000000000010c20                . = ALIGN (0x4)
                0x0000000000010c20                PROVIDE (__ram_rodata_end, ABSOLUTE (.))
                0x00000000000109cc                PROVIDE (__flash_rodata_start, LOADADDR (.rodata))

.rwdata         0x0000000000010c14       0xa0 load address 0x0000000000010cb4
                0x0000000000010c14                PROVIDE (__ram_rwdata_start, ABSOLUTE (.))
                0x0000000000010c14                . = ALIGN (0x4)
 *(.got.plt)
 *(.got)
 *(.data1)
 *(.data .data.* .gnu.linkonce.d.*)
 .data          0x0000000000010c14        0x0 ../langproc_bsp//obj/HAL/src/crt0.o
 .data          0x0000000000010c14        0x0 obj/default/hello_world_small.o
 .data          0x0000000000010c14        0x0 ../langproc_bsp/\libhal_bsp.a(alt_getchar.o)
 .data          0x0000000000010c14        0x0 ../langproc_bsp/\libhal_bsp.a(alt_load.o)
 .data          0x0000000000010c14        0x0 ../langproc_bsp/\libhal_bsp.a(alt_main.o)
 .data          0x0000000000010c14        0x0 ../langproc_bsp/\libhal_bsp.a(alt_printf.o)
 .data          0x0000000000010c14        0x0 ../langproc_bsp/\libhal_bsp.a(alt_putchar.o)
 .data          0x0000000000010c14       0x2c ../langproc_bsp/\libhal_bsp.a(alt_sys_init.o)
 .data          0x0000000000010c40        0x0 ../langproc_bsp/\libhal_bsp.a(altera_avalon_jtag_uart_read.o)
 .data          0x0000000000010c40        0x0 ../langproc_bsp/\libhal_bsp.a(altera_avalon_jtag_uart_write.o)
 .data          0x0000000000010c40        0x0 ../langproc_bsp/\libhal_bsp.a(altera_up_avalon_accelerometer_spi.o)
 .data          0x0000000000010c40        0x0 ../langproc_bsp/\libhal_bsp.a(alt_dcache_flush_all.o)
 .data          0x0000000000010c40       0x58 ../langproc_bsp/\libhal_bsp.a(alt_dev.o)
                0x0000000000010c40                alt_fd_list
                0x0000000000010c70                alt_dev_null
 .data          0x0000000000010c98        0x0 ../langproc_bsp/\libhal_bsp.a(alt_dev_llist_insert.o)
 .data          0x0000000000010c98        0x0 ../langproc_bsp/\libhal_bsp.a(alt_errno.o)
 .data          0x0000000000010c98        0x0 ../langproc_bsp/\libhal_bsp.a(alt_find_dev.o)
 .data          0x0000000000010c98        0x0 ../langproc_bsp/\libhal_bsp.a(alt_icache_flush_all.o)
 .data          0x0000000000010c98        0x0 ../langproc_bsp/\libhal_bsp.a(altera_nios2_gen2_irq.o)
 .data          0x0000000000010c98        0x0 d:/intel/quartusprimelite/nios2eds/bin/gnu/h-x86_64-mingw32/bin/../lib/gcc/nios2-elf/5.3.0/../../../../../H-x86_64-mingw32/nios2-elf/lib/mno-hw-mul\libsmallc.a(lib_a-int_errno.o)
 .data          0x0000000000010c98        0x0 d:/intel/quartusprimelite/nios2eds/bin/gnu/h-x86_64-mingw32/bin/../lib/gcc/nios2-elf/5.3.0/../../../../../H-x86_64-mingw32/nios2-elf/lib/mno-hw-mul\libsmallc.a(lib_a-memcmp.o)
 .data          0x0000000000010c98        0x0 d:/intel/quartusprimelite/nios2eds/bin/gnu/h-x86_64-mingw32/bin/../lib/gcc/nios2-elf/5.3.0/../../../../../H-x86_64-mingw32/nios2-elf/lib/mno-hw-mul\libsmallc.a(lib_a-strlen.o)
                0x0000000000018c98                _gp = ABSOLUTE ((. + 0x8000))
                [!provide]                        PROVIDE (gp, _gp)
 *(.rwdata .rwdata.*)
 *(.sdata .sdata.* .gnu.linkonce.s.*)
 .sdata         0x0000000000010c98        0x4 ../langproc_bsp/\libhal_bsp.a(alt_sys_init.o)
                0x0000000000010c98                jtag_uart
 .sdata         0x0000000000010c9c       0x14 ../langproc_bsp/\libhal_bsp.a(alt_dev.o)
                0x0000000000010c9c                alt_max_fd
                0x0000000000010ca0                alt_dev_list
                0x0000000000010ca8                alt_fs_list
 .sdata         0x0000000000010cb0        0x4 ../langproc_bsp/\libhal_bsp.a(alt_errno.o)
                0x0000000000010cb0                alt_errno
 *(.sdata2 .sdata2.* .gnu.linkonce.s2.*)
                0x0000000000010cb4                . = ALIGN (0x4)
                0x0000000000010cb4                _edata = ABSOLUTE (.)
                [!provide]                        PROVIDE (edata, ABSOLUTE (.))
                0x0000000000010cb4                PROVIDE (__ram_rwdata_end, ABSOLUTE (.))
                0x0000000000010cb4                PROVIDE (__flash_rwdata_start, LOADADDR (.rwdata))

.bss            0x0000000000010d54       0x10
                0x0000000000010d54                __bss_start = ABSOLUTE (.)
                [!provide]                        PROVIDE (__sbss_start, ABSOLUTE (.))
                [!provide]                        PROVIDE (___sbss_start, ABSOLUTE (.))
 *(.dynsbss)
 *(.sbss .sbss.* .gnu.linkonce.sb.*)
 .sbss          0x0000000000010d54        0xc ../langproc_bsp/\libhal_bsp.a(alt_main.o)
                0x0000000000010d54                alt_envp
                0x0000000000010d58                alt_argv
                0x0000000000010d5c                alt_argc
 .sbss          0x0000000000010d60        0x4 d:/intel/quartusprimelite/nios2eds/bin/gnu/h-x86_64-mingw32/bin/../lib/gcc/nios2-elf/5.3.0/../../../../../H-x86_64-mingw32/nios2-elf/lib/mno-hw-mul\libsmallc.a(lib_a-int_errno.o)
                0x0000000000010d60                errno
 *(.sbss2 .sbss2.* .gnu.linkonce.sb2.*)
 *(.scommon)
                [!provide]                        PROVIDE (__sbss_end, ABSOLUTE (.))
                [!provide]                        PROVIDE (___sbss_end, ABSOLUTE (.))
 *(.dynbss)
 *(.bss .bss.* .gnu.linkonce.b.*)
 .bss           0x0000000000010d64        0x0 ../langproc_bsp//obj/HAL/src/crt0.o
 .bss           0x0000000000010d64        0x0 obj/default/hello_world_small.o
 .bss           0x0000000000010d64        0x0 ../langproc_bsp/\libhal_bsp.a(alt_getchar.o)
 .bss           0x0000000000010d64        0x0 ../langproc_bsp/\libhal_bsp.a(alt_load.o)
 .bss           0x0000000000010d64        0x0 ../langproc_bsp/\libhal_bsp.a(alt_main.o)
 .bss           0x0000000000010d64        0x0 ../langproc_bsp/\libhal_bsp.a(alt_printf.o)
 .bss           0x0000000000010d64        0x0 ../langproc_bsp/\libhal_bsp.a(alt_putchar.o)
 .bss           0x0000000000010d64        0x0 ../langproc_bsp/\libhal_bsp.a(alt_sys_init.o)
 .bss           0x0000000000010d64        0x0 ../langproc_bsp/\libhal_bsp.a(altera_avalon_jtag_uart_read.o)
 .bss           0x0000000000010d64        0x0 ../langproc_bsp/\libhal_bsp.a(altera_avalon_jtag_uart_write.o)
 .bss           0x0000000000010d64        0x0 ../langproc_bsp/\libhal_bsp.a(altera_up_avalon_accelerometer_spi.o)
 .bss           0x0000000000010d64        0x0 ../langproc_bsp/\libhal_bsp.a(alt_dcache_flush_all.o)
 .bss           0x0000000000010d64        0x0 ../langproc_bsp/\libhal_bsp.a(alt_dev.o)
 .bss           0x0000000000010d64        0x0 ../langproc_bsp/\libhal_bsp.a(alt_dev_llist_insert.o)
 .bss           0x0000000000010d64        0x0 ../langproc_bsp/\libhal_bsp.a(alt_errno.o)
 .bss           0x0000000000010d64        0x0 ../langproc_bsp/\libhal_bsp.a(alt_find_dev.o)
 .bss           0x0000000000010d64        0x0 ../langproc_bsp/\libhal_bsp.a(alt_icache_flush_all.o)
 .bss           0x0000000000010d64        0x0 ../langproc_bsp/\libhal_bsp.a(altera_nios2_gen2_irq.o)
 .bss           0x0000000000010d64        0x0 d:/intel/quartusprimelite/nios2eds/bin/gnu/h-x86_64-mingw32/bin/../lib/gcc/nios2-elf/5.3.0/../../../../../H-x86_64-mingw32/nios2-elf/lib/mno-hw-mul\libsmallc.a(lib_a-int_errno.o)
 .bss           0x0000000000010d64        0x0 d:/intel/quartusprimelite/nios2eds/bin/gnu/h-x86_64-mingw32/bin/../lib/gcc/nios2-elf/5.3.0/../../../../../H-x86_64-mingw32/nios2-elf/lib/mno-hw-mul\libsmallc.a(lib_a-memcmp.o)
 .bss           0x0000000000010d64        0x0 d:/intel/quartusprimelite/nios2eds/bin/gnu/h-x86_64-mingw32/bin/../lib/gcc/nios2-elf/5.3.0/../../../../../H-x86_64-mingw32/nios2-elf/lib/mno-hw-mul\libsmallc.a(lib_a-strlen.o)
 *(COMMON)
                0x0000000000010d64                . = ALIGN (0x4)
                0x0000000000010d64                __bss_end = ABSOLUTE (.)

.onchip_memory  0x0000000000010d64        0x0
                [!provide]                        PROVIDE (_alt_partition_onchip_memory_start, ABSOLUTE (.))
 *(.onchip_memory .onchip_memory. onchip_memory.*)
                0x0000000000010d64                . = ALIGN (0x4)
                [!provide]                        PROVIDE (_alt_partition_onchip_memory_end, ABSOLUTE (.))
                0x0000000000010d64                _end = ABSOLUTE (.)
                0x0000000000010d64                end = ABSOLUTE (.)
                0x0000000000010d64                __alt_stack_base = ABSOLUTE (.)
                [!provide]                        PROVIDE (_alt_partition_onchip_memory_load_addr, LOADADDR (.onchip_memory))

.stab
 *(.stab)

.stabstr
 *(.stabstr)

.stab.excl
 *(.stab.excl)

.stab.exclstr
 *(.stab.exclstr)

.stab.index
 *(.stab.index)

.stab.indexstr
 *(.stab.indexstr)

.comment        0x0000000000000000       0x23
 *(.comment)
 .comment       0x0000000000000000       0x23 obj/default/hello_world_small.o
                                         0x24 (size before relaxing)
 .comment       0x0000000000000023       0x24 ../langproc_bsp/\libhal_bsp.a(alt_getchar.o)
 .comment       0x0000000000000023       0x24 ../langproc_bsp/\libhal_bsp.a(alt_load.o)
 .comment       0x0000000000000023       0x24 ../langproc_bsp/\libhal_bsp.a(alt_main.o)
 .comment       0x0000000000000023       0x24 ../langproc_bsp/\libhal_bsp.a(alt_printf.o)
 .comment       0x0000000000000023       0x24 ../langproc_bsp/\libhal_bsp.a(alt_putchar.o)
 .comment       0x0000000000000023       0x24 ../langproc_bsp/\libhal_bsp.a(alt_sys_init.o)
 .comment       0x0000000000000023       0x24 ../langproc_bsp/\libhal_bsp.a(altera_avalon_jtag_uart_read.o)
 .comment       0x0000000000000023       0x24 ../langproc_bsp/\libhal_bsp.a(altera_avalon_jtag_uart_write.o)
 .comment       0x0000000000000023       0x24 ../langproc_bsp/\libhal_bsp.a(altera_up_avalon_accelerometer_spi.o)
 .comment       0x0000000000000023       0x24 ../langproc_bsp/\libhal_bsp.a(alt_dcache_flush_all.o)
 .comment       0x0000000000000023       0x24 ../langproc_bsp/\libhal_bsp.a(alt_dev.o)
 .comment       0x0000000000000023       0x24 ../langproc_bsp/\libhal_bsp.a(alt_dev_llist_insert.o)
 .comment       0x0000000000000023       0x24 ../langproc_bsp/\libhal_bsp.a(alt_errno.o)
 .comment       0x0000000000000023       0x24 ../langproc_bsp/\libhal_bsp.a(alt_find_dev.o)
 .comment       0x0000000000000023       0x24 ../langproc_bsp/\libhal_bsp.a(alt_icache_flush_all.o)
 .comment       0x0000000000000023       0x24 ../langproc_bsp/\libhal_bsp.a(altera_nios2_gen2_irq.o)
 .comment       0x0000000000000023       0x24 d:/intel/quartusprimelite/nios2eds/bin/gnu/h-x86_64-mingw32/bin/../lib/gcc/nios2-elf/5.3.0/../../../../../H-x86_64-mingw32/nios2-elf/lib/mno-hw-mul\libsmallc.a(lib_a-int_errno.o)
 .comment       0x0000000000000023       0x24 d:/intel/quartusprimelite/nios2eds/bin/gnu/h-x86_64-mingw32/bin/../lib/gcc/nios2-elf/5.3.0/../../../../../H-x86_64-mingw32/nios2-elf/lib/mno-hw-mul\libsmallc.a(lib_a-memcmp.o)
 .comment       0x0000000000000023       0x24 d:/intel/quartusprimelite/nios2eds/bin/gnu/h-x86_64-mingw32/bin/../lib/gcc/nios2-elf/5.3.0/../../../../../H-x86_64-mingw32/nios2-elf/lib/mno-hw-mul\libsmallc.a(lib_a-strlen.o)

.debug
 *(.debug)

.line
 *(.line)

.debug_srcinfo
 *(.debug_srcinfo)

.debug_sfnames
 *(.debug_sfnames)

.debug_aranges  0x0000000000000000      0x2a0
 *(.debug_aranges)
 .debug_aranges
                0x0000000000000000       0x28 ../langproc_bsp//obj/HAL/src/crt0.o
 .debug_aranges
                0x0000000000000028       0x28 obj/default/hello_world_small.o
 .debug_aranges
                0x0000000000000050       0x20 ../langproc_bsp/\libhal_bsp.a(alt_getchar.o)
 .debug_aranges
                0x0000000000000070       0x20 ../langproc_bsp/\libhal_bsp.a(alt_load.o)
 .debug_aranges
                0x0000000000000090       0x20 ../langproc_bsp/\libhal_bsp.a(alt_main.o)
 .debug_aranges
                0x00000000000000b0       0x20 ../langproc_bsp/\libhal_bsp.a(alt_printf.o)
 .debug_aranges
                0x00000000000000d0       0x20 ../langproc_bsp/\libhal_bsp.a(alt_putchar.o)
 .debug_aranges
                0x00000000000000f0       0x20 ../langproc_bsp/\libhal_bsp.a(alt_sys_init.o)
 .debug_aranges
                0x0000000000000110       0x20 ../langproc_bsp/\libhal_bsp.a(altera_avalon_jtag_uart_read.o)
 .debug_aranges
                0x0000000000000130       0x20 ../langproc_bsp/\libhal_bsp.a(altera_avalon_jtag_uart_write.o)
 .debug_aranges
                0x0000000000000150       0x20 ../langproc_bsp/\libhal_bsp.a(altera_up_avalon_accelerometer_spi.o)
 .debug_aranges
                0x0000000000000170       0x20 ../langproc_bsp/\libhal_bsp.a(alt_dcache_flush_all.o)
 .debug_aranges
                0x0000000000000190       0x20 ../langproc_bsp/\libhal_bsp.a(alt_dev.o)
 .debug_aranges
                0x00000000000001b0       0x20 ../langproc_bsp/\libhal_bsp.a(alt_dev_llist_insert.o)
 .debug_aranges
                0x00000000000001d0       0x18 ../langproc_bsp/\libhal_bsp.a(alt_errno.o)
 .debug_aranges
                0x00000000000001e8       0x20 ../langproc_bsp/\libhal_bsp.a(alt_find_dev.o)
 .debug_aranges
                0x0000000000000208       0x20 ../langproc_bsp/\libhal_bsp.a(alt_icache_flush_all.o)
 .debug_aranges
                0x0000000000000228       0x20 ../langproc_bsp/\libhal_bsp.a(altera_nios2_gen2_irq.o)
 .debug_aranges
                0x0000000000000248       0x18 d:/intel/quartusprimelite/nios2eds/bin/gnu/h-x86_64-mingw32/bin/../lib/gcc/nios2-elf/5.3.0/../../../../../H-x86_64-mingw32/nios2-elf/lib/mno-hw-mul\libsmallc.a(lib_a-int_errno.o)
 .debug_aranges
                0x0000000000000260       0x20 d:/intel/quartusprimelite/nios2eds/bin/gnu/h-x86_64-mingw32/bin/../lib/gcc/nios2-elf/5.3.0/../../../../../H-x86_64-mingw32/nios2-elf/lib/mno-hw-mul\libsmallc.a(lib_a-memcmp.o)
 .debug_aranges
                0x0000000000000280       0x20 d:/intel/quartusprimelite/nios2eds/bin/gnu/h-x86_64-mingw32/bin/../lib/gcc/nios2-elf/5.3.0/../../../../../H-x86_64-mingw32/nios2-elf/lib/mno-hw-mul\libsmallc.a(lib_a-strlen.o)

.debug_pubnames
 *(.debug_pubnames)

.debug_info     0x0000000000000000     0x292b
 *(.debug_info .gnu.linkonce.wi.*)
 .debug_info    0x0000000000000000       0x6c ../langproc_bsp//obj/HAL/src/crt0.o
 .debug_info    0x000000000000006c      0x538 obj/default/hello_world_small.o
 .debug_info    0x00000000000005a4      0x32d ../langproc_bsp/\libhal_bsp.a(alt_getchar.o)
 .debug_info    0x00000000000008d1      0x1c9 ../langproc_bsp/\libhal_bsp.a(alt_load.o)
 .debug_info    0x0000000000000a9a      0x18f ../langproc_bsp/\libhal_bsp.a(alt_main.o)
 .debug_info    0x0000000000000c29      0x14d ../langproc_bsp/\libhal_bsp.a(alt_printf.o)
 .debug_info    0x0000000000000d76      0x12a ../langproc_bsp/\libhal_bsp.a(alt_putchar.o)
 .debug_info    0x0000000000000ea0      0x459 ../langproc_bsp/\libhal_bsp.a(alt_sys_init.o)
 .debug_info    0x00000000000012f9      0x1ca ../langproc_bsp/\libhal_bsp.a(altera_avalon_jtag_uart_read.o)
 .debug_info    0x00000000000014c3      0x1ad ../langproc_bsp/\libhal_bsp.a(altera_avalon_jtag_uart_write.o)
 .debug_info    0x0000000000001670      0x479 ../langproc_bsp/\libhal_bsp.a(altera_up_avalon_accelerometer_spi.o)
 .debug_info    0x0000000000001ae9       0x92 ../langproc_bsp/\libhal_bsp.a(alt_dcache_flush_all.o)
 .debug_info    0x0000000000001b7b      0x499 ../langproc_bsp/\libhal_bsp.a(alt_dev.o)
 .debug_info    0x0000000000002014      0x1b3 ../langproc_bsp/\libhal_bsp.a(alt_dev_llist_insert.o)
 .debug_info    0x00000000000021c7       0xa6 ../langproc_bsp/\libhal_bsp.a(alt_errno.o)
 .debug_info    0x000000000000226d      0x32d ../langproc_bsp/\libhal_bsp.a(alt_find_dev.o)
 .debug_info    0x000000000000259a       0x92 ../langproc_bsp/\libhal_bsp.a(alt_icache_flush_all.o)
 .debug_info    0x000000000000262c       0xb8 ../langproc_bsp/\libhal_bsp.a(altera_nios2_gen2_irq.o)
 .debug_info    0x00000000000026e4       0x8a d:/intel/quartusprimelite/nios2eds/bin/gnu/h-x86_64-mingw32/bin/../lib/gcc/nios2-elf/5.3.0/../../../../../H-x86_64-mingw32/nios2-elf/lib/mno-hw-mul\libsmallc.a(lib_a-int_errno.o)
 .debug_info    0x000000000000276e       0xf4 d:/intel/quartusprimelite/nios2eds/bin/gnu/h-x86_64-mingw32/bin/../lib/gcc/nios2-elf/5.3.0/../../../../../H-x86_64-mingw32/nios2-elf/lib/mno-hw-mul\libsmallc.a(lib_a-memcmp.o)
 .debug_info    0x0000000000002862       0xc9 d:/intel/quartusprimelite/nios2eds/bin/gnu/h-x86_64-mingw32/bin/../lib/gcc/nios2-elf/5.3.0/../../../../../H-x86_64-mingw32/nios2-elf/lib/mno-hw-mul\libsmallc.a(lib_a-strlen.o)

.debug_abbrev   0x0000000000000000     0x1075
 *(.debug_abbrev)
 .debug_abbrev  0x0000000000000000       0x12 ../langproc_bsp//obj/HAL/src/crt0.o
 .debug_abbrev  0x0000000000000012      0x1a9 obj/default/hello_world_small.o
 .debug_abbrev  0x00000000000001bb      0x11d ../langproc_bsp/\libhal_bsp.a(alt_getchar.o)
 .debug_abbrev  0x00000000000002d8       0xd8 ../langproc_bsp/\libhal_bsp.a(alt_load.o)
 .debug_abbrev  0x00000000000003b0       0xf5 ../langproc_bsp/\libhal_bsp.a(alt_main.o)
 .debug_abbrev  0x00000000000004a5       0xd5 ../langproc_bsp/\libhal_bsp.a(alt_printf.o)
 .debug_abbrev  0x000000000000057a       0xd2 ../langproc_bsp/\libhal_bsp.a(alt_putchar.o)
 .debug_abbrev  0x000000000000064c      0x1a5 ../langproc_bsp/\libhal_bsp.a(alt_sys_init.o)
 .debug_abbrev  0x00000000000007f1      0x102 ../langproc_bsp/\libhal_bsp.a(altera_avalon_jtag_uart_read.o)
 .debug_abbrev  0x00000000000008f3       0xd5 ../langproc_bsp/\libhal_bsp.a(altera_avalon_jtag_uart_write.o)
 .debug_abbrev  0x00000000000009c8      0x119 ../langproc_bsp/\libhal_bsp.a(altera_up_avalon_accelerometer_spi.o)
 .debug_abbrev  0x0000000000000ae1       0x42 ../langproc_bsp/\libhal_bsp.a(alt_dcache_flush_all.o)
 .debug_abbrev  0x0000000000000b23       0xd9 ../langproc_bsp/\libhal_bsp.a(alt_dev.o)
 .debug_abbrev  0x0000000000000bfc      0x11c ../langproc_bsp/\libhal_bsp.a(alt_dev_llist_insert.o)
 .debug_abbrev  0x0000000000000d18       0x5a ../langproc_bsp/\libhal_bsp.a(alt_errno.o)
 .debug_abbrev  0x0000000000000d72      0x125 ../langproc_bsp/\libhal_bsp.a(alt_find_dev.o)
 .debug_abbrev  0x0000000000000e97       0x42 ../langproc_bsp/\libhal_bsp.a(alt_icache_flush_all.o)
 .debug_abbrev  0x0000000000000ed9       0x67 ../langproc_bsp/\libhal_bsp.a(altera_nios2_gen2_irq.o)
 .debug_abbrev  0x0000000000000f40       0x37 d:/intel/quartusprimelite/nios2eds/bin/gnu/h-x86_64-mingw32/bin/../lib/gcc/nios2-elf/5.3.0/../../../../../H-x86_64-mingw32/nios2-elf/lib/mno-hw-mul\libsmallc.a(lib_a-int_errno.o)
 .debug_abbrev  0x0000000000000f77       0x7f d:/intel/quartusprimelite/nios2eds/bin/gnu/h-x86_64-mingw32/bin/../lib/gcc/nios2-elf/5.3.0/../../../../../H-x86_64-mingw32/nios2-elf/lib/mno-hw-mul\libsmallc.a(lib_a-memcmp.o)
 .debug_abbrev  0x0000000000000ff6       0x7f d:/intel/quartusprimelite/nios2eds/bin/gnu/h-x86_64-mingw32/bin/../lib/gcc/nios2-elf/5.3.0/../../../../../H-x86_64-mingw32/nios2-elf/lib/mno-hw-mul\libsmallc.a(lib_a-strlen.o)

.debug_line     0x0000000000000000     0x11c1
 *(.debug_line)
 .debug_line    0x0000000000000000       0x66 ../langproc_bsp//obj/HAL/src/crt0.o
 .debug_line    0x0000000000000066      0x181 obj/default/hello_world_small.o
 .debug_line    0x00000000000001e7       0xb7 ../langproc_bsp/\libhal_bsp.a(alt_getchar.o)
 .debug_line    0x000000000000029e       0xa4 ../langproc_bsp/\libhal_bsp.a(alt_load.o)
 .debug_line    0x0000000000000342       0xea ../langproc_bsp/\libhal_bsp.a(alt_main.o)
 .debug_line    0x000000000000042c      0x115 ../langproc_bsp/\libhal_bsp.a(alt_printf.o)
 .debug_line    0x0000000000000541       0x55 ../langproc_bsp/\libhal_bsp.a(alt_putchar.o)
 .debug_line    0x0000000000000596      0x178 ../langproc_bsp/\libhal_bsp.a(alt_sys_init.o)
 .debug_line    0x000000000000070e      0x10f ../langproc_bsp/\libhal_bsp.a(altera_avalon_jtag_uart_read.o)
 .debug_line    0x000000000000081d      0x104 ../langproc_bsp/\libhal_bsp.a(altera_avalon_jtag_uart_write.o)
 .debug_line    0x0000000000000921      0x131 ../langproc_bsp/\libhal_bsp.a(altera_up_avalon_accelerometer_spi.o)
 .debug_line    0x0000000000000a52       0x4e ../langproc_bsp/\libhal_bsp.a(alt_dcache_flush_all.o)
 .debug_line    0x0000000000000aa0       0xf9 ../langproc_bsp/\libhal_bsp.a(alt_dev.o)
 .debug_line    0x0000000000000b99       0xd8 ../langproc_bsp/\libhal_bsp.a(alt_dev_llist_insert.o)
 .debug_line    0x0000000000000c71       0x51 ../langproc_bsp/\libhal_bsp.a(alt_errno.o)
 .debug_line    0x0000000000000cc2      0x10a ../langproc_bsp/\libhal_bsp.a(alt_find_dev.o)
 .debug_line    0x0000000000000dcc       0x4e ../langproc_bsp/\libhal_bsp.a(alt_icache_flush_all.o)
 .debug_line    0x0000000000000e1a       0x8c ../langproc_bsp/\libhal_bsp.a(altera_nios2_gen2_irq.o)
 .debug_line    0x0000000000000ea6       0x5f d:/intel/quartusprimelite/nios2eds/bin/gnu/h-x86_64-mingw32/bin/../lib/gcc/nios2-elf/5.3.0/../../../../../H-x86_64-mingw32/nios2-elf/lib/mno-hw-mul\libsmallc.a(lib_a-int_errno.o)
 .debug_line    0x0000000000000f05      0x160 d:/intel/quartusprimelite/nios2eds/bin/gnu/h-x86_64-mingw32/bin/../lib/gcc/nios2-elf/5.3.0/../../../../../H-x86_64-mingw32/nios2-elf/lib/mno-hw-mul\libsmallc.a(lib_a-memcmp.o)
 .debug_line    0x0000000000001065      0x15c d:/intel/quartusprimelite/nios2eds/bin/gnu/h-x86_64-mingw32/bin/../lib/gcc/nios2-elf/5.3.0/../../../../../H-x86_64-mingw32/nios2-elf/lib/mno-hw-mul\libsmallc.a(lib_a-strlen.o)

.debug_frame    0x0000000000000000      0x3c0
 *(.debug_frame)
 .debug_frame   0x0000000000000000       0x90 obj/default/hello_world_small.o
 .debug_frame   0x0000000000000090       0x2c ../langproc_bsp/\libhal_bsp.a(alt_getchar.o)
 .debug_frame   0x00000000000000bc       0x30 ../langproc_bsp/\libhal_bsp.a(alt_load.o)
 .debug_frame   0x00000000000000ec       0x2c ../langproc_bsp/\libhal_bsp.a(alt_main.o)
 .debug_frame   0x0000000000000118       0x54 ../langproc_bsp/\libhal_bsp.a(alt_printf.o)
 .debug_frame   0x000000000000016c       0x30 ../langproc_bsp/\libhal_bsp.a(alt_putchar.o)
 .debug_frame   0x000000000000019c       0x3c ../langproc_bsp/\libhal_bsp.a(alt_sys_init.o)
 .debug_frame   0x00000000000001d8       0x20 ../langproc_bsp/\libhal_bsp.a(altera_avalon_jtag_uart_read.o)
 .debug_frame   0x00000000000001f8       0x20 ../langproc_bsp/\libhal_bsp.a(altera_avalon_jtag_uart_write.o)
 .debug_frame   0x0000000000000218       0x80 ../langproc_bsp/\libhal_bsp.a(altera_up_avalon_accelerometer_spi.o)
 .debug_frame   0x0000000000000298       0x20 ../langproc_bsp/\libhal_bsp.a(alt_dcache_flush_all.o)
 .debug_frame   0x00000000000002b8       0x20 ../langproc_bsp/\libhal_bsp.a(alt_dev.o)
 .debug_frame   0x00000000000002d8       0x2c ../langproc_bsp/\libhal_bsp.a(alt_dev_llist_insert.o)
 .debug_frame   0x0000000000000304       0x3c ../langproc_bsp/\libhal_bsp.a(alt_find_dev.o)
 .debug_frame   0x0000000000000340       0x20 ../langproc_bsp/\libhal_bsp.a(alt_icache_flush_all.o)
 .debug_frame   0x0000000000000360       0x20 ../langproc_bsp/\libhal_bsp.a(altera_nios2_gen2_irq.o)
 .debug_frame   0x0000000000000380       0x20 d:/intel/quartusprimelite/nios2eds/bin/gnu/h-x86_64-mingw32/bin/../lib/gcc/nios2-elf/5.3.0/../../../../../H-x86_64-mingw32/nios2-elf/lib/mno-hw-mul\libsmallc.a(lib_a-memcmp.o)
 .debug_frame   0x00000000000003a0       0x20 d:/intel/quartusprimelite/nios2eds/bin/gnu/h-x86_64-mingw32/bin/../lib/gcc/nios2-elf/5.3.0/../../../../../H-x86_64-mingw32/nios2-elf/lib/mno-hw-mul\libsmallc.a(lib_a-strlen.o)

.debug_str      0x0000000000000000      0xc53
 *(.debug_str)
 .debug_str     0x0000000000000000      0x279 obj/default/hello_world_small.o
                                        0x2d2 (size before relaxing)
 .debug_str     0x0000000000000279       0xa1 ../langproc_bsp/\libhal_bsp.a(alt_getchar.o)
                                        0x234 (size before relaxing)
 .debug_str     0x000000000000031a      0x179 ../langproc_bsp/\libhal_bsp.a(alt_load.o)
                                        0x260 (size before relaxing)
 .debug_str     0x0000000000000493       0x7f ../langproc_bsp/\libhal_bsp.a(alt_main.o)
                                        0x1dc (size before relaxing)
 .debug_str     0x0000000000000512       0x59 ../langproc_bsp/\libhal_bsp.a(alt_printf.o)
                                        0x12a (size before relaxing)
 .debug_str     0x000000000000056b       0x34 ../langproc_bsp/\libhal_bsp.a(alt_putchar.o)
                                        0x189 (size before relaxing)
 .debug_str     0x000000000000059f       0xfa ../langproc_bsp/\libhal_bsp.a(alt_sys_init.o)
                                        0x348 (size before relaxing)
 .debug_str     0x0000000000000699       0x3d ../langproc_bsp/\libhal_bsp.a(altera_avalon_jtag_uart_read.o)
                                        0x23e (size before relaxing)
 .debug_str     0x00000000000006d6       0x32 ../langproc_bsp/\libhal_bsp.a(altera_avalon_jtag_uart_write.o)
                                        0x234 (size before relaxing)
 .debug_str     0x0000000000000708      0x103 ../langproc_bsp/\libhal_bsp.a(altera_up_avalon_accelerometer_spi.o)
                                        0x34c (size before relaxing)
 .debug_str     0x000000000000080b       0x1f ../langproc_bsp/\libhal_bsp.a(alt_dcache_flush_all.o)
                                        0x153 (size before relaxing)
 .debug_str     0x000000000000082a      0x119 ../langproc_bsp/\libhal_bsp.a(alt_dev.o)
                                        0x303 (size before relaxing)
 .debug_str     0x0000000000000943       0x4e ../langproc_bsp/\libhal_bsp.a(alt_dev_llist_insert.o)
                                        0x1f0 (size before relaxing)
 .debug_str     0x0000000000000991       0x14 ../langproc_bsp/\libhal_bsp.a(alt_errno.o)
                                        0x169 (size before relaxing)
 .debug_str     0x00000000000009a5       0x25 ../langproc_bsp/\libhal_bsp.a(alt_find_dev.o)
                                        0x1f8 (size before relaxing)
 .debug_str     0x00000000000009ca       0x1f ../langproc_bsp/\libhal_bsp.a(alt_icache_flush_all.o)
                                        0x153 (size before relaxing)
 .debug_str     0x00000000000009e9       0x20 ../langproc_bsp/\libhal_bsp.a(altera_nios2_gen2_irq.o)
                                        0x183 (size before relaxing)
 .debug_str     0x0000000000000a09      0x134 d:/intel/quartusprimelite/nios2eds/bin/gnu/h-x86_64-mingw32/bin/../lib/gcc/nios2-elf/5.3.0/../../../../../H-x86_64-mingw32/nios2-elf/lib/mno-hw-mul\libsmallc.a(lib_a-int_errno.o)
                                        0x1d8 (size before relaxing)
 .debug_str     0x0000000000000b3d       0xd9 d:/intel/quartusprimelite/nios2eds/bin/gnu/h-x86_64-mingw32/bin/../lib/gcc/nios2-elf/5.3.0/../../../../../H-x86_64-mingw32/nios2-elf/lib/mno-hw-mul\libsmallc.a(lib_a-memcmp.o)
                                        0x1df (size before relaxing)
 .debug_str     0x0000000000000c16       0x3d d:/intel/quartusprimelite/nios2eds/bin/gnu/h-x86_64-mingw32/bin/../lib/gcc/nios2-elf/5.3.0/../../../../../H-x86_64-mingw32/nios2-elf/lib/mno-hw-mul\libsmallc.a(lib_a-strlen.o)
                                        0x1e5 (size before relaxing)

.debug_loc      0x0000000000000000      0x718
 *(.debug_loc)
 .debug_loc     0x0000000000000000      0x184 obj/default/hello_world_small.o
 .debug_loc     0x0000000000000184      0x1de ../langproc_bsp/\libhal_bsp.a(alt_printf.o)
 .debug_loc     0x0000000000000362       0x2c ../langproc_bsp/\libhal_bsp.a(alt_putchar.o)
 .debug_loc     0x000000000000038e       0x21 ../langproc_bsp/\libhal_bsp.a(alt_sys_init.o)
 .debug_loc     0x00000000000003af       0xcd ../langproc_bsp/\libhal_bsp.a(altera_avalon_jtag_uart_read.o)
 .debug_loc     0x000000000000047c       0x8b ../langproc_bsp/\libhal_bsp.a(altera_avalon_jtag_uart_write.o)
 .debug_loc     0x0000000000000507       0x63 ../langproc_bsp/\libhal_bsp.a(altera_up_avalon_accelerometer_spi.o)
 .debug_loc     0x000000000000056a       0x7e ../langproc_bsp/\libhal_bsp.a(alt_dev_llist_insert.o)
 .debug_loc     0x00000000000005e8       0x7e ../langproc_bsp/\libhal_bsp.a(alt_find_dev.o)
 .debug_loc     0x0000000000000666       0x94 d:/intel/quartusprimelite/nios2eds/bin/gnu/h-x86_64-mingw32/bin/../lib/gcc/nios2-elf/5.3.0/../../../../../H-x86_64-mingw32/nios2-elf/lib/mno-hw-mul\libsmallc.a(lib_a-memcmp.o)
 .debug_loc     0x00000000000006fa       0x1e d:/intel/quartusprimelite/nios2eds/bin/gnu/h-x86_64-mingw32/bin/../lib/gcc/nios2-elf/5.3.0/../../../../../H-x86_64-mingw32/nios2-elf/lib/mno-hw-mul\libsmallc.a(lib_a-strlen.o)

.debug_macinfo
 *(.debug_macinfo)

.debug_weaknames
 *(.debug_weaknames)

.debug_funcnames
 *(.debug_funcnames)

.debug_typenames
 *(.debug_typenames)

.debug_varnames
 *(.debug_varnames)

.debug_alt_sim_info
                0x0000000000000000       0x10
 *(.debug_alt_sim_info)
 .debug_alt_sim_info
                0x0000000000000000       0x10 ../langproc_bsp//obj/HAL/src/crt0.o
                0x0000000000020000                __alt_data_end = 0x20000
                0x0000000000020000                PROVIDE (__alt_stack_pointer, __alt_data_end)
                [!provide]                        PROVIDE (__alt_stack_limit, __alt_stack_base)
                [!provide]                        PROVIDE (__alt_heap_start, end)
                [!provide]                        PROVIDE (__alt_heap_limit, 0x20000)
OUTPUT(langproc.elf elf32-littlenios2)

.debug_ranges   0x0000000000000000      0x110
 .debug_ranges  0x0000000000000000       0x20 ../langproc_bsp//obj/HAL/src/crt0.o
 .debug_ranges  0x0000000000000020       0x18 obj/default/hello_world_small.o
 .debug_ranges  0x0000000000000038       0x48 ../langproc_bsp/\libhal_bsp.a(alt_load.o)
 .debug_ranges  0x0000000000000080       0x18 ../langproc_bsp/\libhal_bsp.a(alt_printf.o)
 .debug_ranges  0x0000000000000098       0x18 ../langproc_bsp/\libhal_bsp.a(alt_sys_init.o)
 .debug_ranges  0x00000000000000b0       0x20 ../langproc_bsp/\libhal_bsp.a(altera_avalon_jtag_uart_read.o)
 .debug_ranges  0x00000000000000d0       0x20 ../langproc_bsp/\libhal_bsp.a(alt_dev_llist_insert.o)
 .debug_ranges  0x00000000000000f0       0x10 d:/intel/quartusprimelite/nios2eds/bin/gnu/h-x86_64-mingw32/bin/../lib/gcc/nios2-elf/5.3.0/../../../../../H-x86_64-mingw32/nios2-elf/lib/mno-hw-mul\libsmallc.a(lib_a-memcmp.o)
 .debug_ranges  0x0000000000000100       0x10 d:/intel/quartusprimelite/nios2eds/bin/gnu/h-x86_64-mingw32/bin/../lib/gcc/nios2-elf/5.3.0/../../../../../H-x86_64-mingw32/nios2-elf/lib/mno-hw-mul\libsmallc.a(lib_a-strlen.o)
